soulride.exe
readme-breckenridge.txt
readme-de.txt
Recordings/breckdemo1290.srr
data/ogldrivers.txt
data/ding.wav
data/ding1.wav
data/ding2.wav
data/ding3.wav
data/ding4.wav
data/rewind.wav
data/snowdrag.wav
data/icedrag.wav
data/airdrag.wav
data/snowbump.wav
data/ching0.wav
data/deedoodeedoo.wav
data/doodooding.wav
data/clear.lua
data/cloudy.lua
data/preload.lua
data/snowing.lua
data/sunset.lua
data/whiteout.lua
data/arrow-cursor.psd
data/cross-cursor.psd
data/cursor.psd
data/mapcursor.psd
data/asphalt0.psd
data/asphalt1.psd
data/forest0.psd
data/forest1.psd
data/granular0.psd
data/granular1.psd
data/hardpack0.psd
data/hardpack1.psd
data/ice0.psd
data/ice1.psd
data/powder0.psd
data/powder1.psd
data/rock0.psd
data/rock1.psd
data/sand0.psd
data/sand1.psd
data/water0.psd
data/water1.psd
data/rider-board-bottom.psd
data/rider-feet.psd
data/rider-board.psd
data/rider-legs.psd
data/skydome.psd
data/snowflake.psd
data/shadetable.psd
data/cloud0.psd
data/detail.psd
data/snowflake.psd
data/cursor.psd
data/rewind-icon.psd
data/mapcursor.psd
data/dropmarker.psd
data/skydome.psd
data/snowflake.psd
data/shadetable.psd
data/skydome.psd
data/snowflake.psd
data/shadetable.psd
data/skydome-sunset.psd
data/snowflake.psd
data/shadetable-sunset.psd
data/skydome-gray.psd
data/snowflake.psd
data/shadetable-gray.psd
data/skydome-gray.psd
data/snowflake.psd
data/shadetable-gray.psd
data/skydome.psd
data/snowflake.psd
data/snow-particle.psd
data/shadetable.psd
data/skydome.psd
data/snowflake.psd
data/shadetable.psd
data/skydome.psd
data/snowflake.psd
data/shadetable.psd
data/skydome.psd
data/snowflake.psd
data/shadetable.psd
data/figure/legll.srm
data/figure/leglr.srm
data/figure/legul.srm
data/figure/legur.srm
data/figure/torsol.srm
data/figure/torsou.srm
data/figure/armll.srm
data/figure/armlr.srm
data/figure/armul.srm
data/figure/armur.srm
data/figure/board-and-feet.srm
data/Breckenridge/rider-head.psd
data/Breckenridge/rider-jacket.psd
data/Breckenridge/rider-arm.psd
data/Breckenridge/Breckenridge.srt
data/Breckenridge/preload.lua
data/Breckenridge/postload.lua
data/Breckenridge/evergreen.psd
data/Breckenridge/finishgate.srm
data/Breckenridge/finish.psd
data/Breckenridge/finishside.psd
data/Breckenridge/new lift building.srm
data/Breckenridge/poma blue.psd
data/Breckenridge/lift.psd
data/Breckenridge/roof.psd
data/Breckenridge/liftwin.psd
data/Breckenridge/lift.srm
data/Breckenridge/hemlock.psd
data/Breckenridge/bldapt.srm
data/Breckenridge/bldapt.psd
data/Breckenridge/gray.psd
data/Breckenridge/bldplain.srm
data/Breckenridge/bldplain.psd
data/Breckenridge/redcross.psd
data/Breckenridge/sign-right.srm
data/Breckenridge/sign-right.psd
data/Breckenridge/bluegate.srm
data/Breckenridge/blue.psd
data/Breckenridge/redgate.srm
data/Breckenridge/red.psd
data/Breckenridge/freeway 2d.psd
data/Breckenridge/burn.srm
data/Breckenridge/burn.psd
data/Breckenridge/wood.psd
data/Breckenridge/freeway.srm
data/Breckenridge/freeway.psd
data/Breckenridge/spruce.srm
data/Breckenridge/spruce.psd
data/Breckenridge/cimarron.srm
data/Breckenridge/cimarron.psd
data/Breckenridge/inferno.srm
data/Breckenridge/inferno.psd
data/Breckenridge/whalestail.srm
data/Breckenridge/whalestail.psd
data/Breckenridge/horseshoe.srm
data/Breckenridge/horseshoe.psd
data/Breckenridge/billboard.srm
data/Breckenridge/billboard.psd
data/Breckenridge/smallbldg.srm
data/Breckenridge/tallbldg.srm
data/Breckenridge/contest.srm
data/Breckenridge/contest.psd
data/gui/attract.psd
data/gui/attract-breck.ggm
data/gui/attract_type.psd
data/gui/bonus-desc.ggm
data/gui/bonus-num.ggm
data/gui/bonus.ggm
data/gui/breck_logo.psd
data/gui/breckcutout.ggm
data/gui/brecklogo_cut.psd
data/gui/brecklogo_matte.psd
data/gui/credits-intro-layout.ggm
data/gui/credits-intro.ggm
data/gui/credits-music.ggm
data/gui/credits-people-layout.ggm
data/gui/credits-people.ggm
data/gui/credits-team.ggm
data/gui/credits.ggm
data/gui/fixedsys.ggf
data/gui/font-lcd.psd
data/gui/font-score.psd
data/gui/font-slick.psd
data/gui/font-swiss-xcbi.psd
data/gui/gui_intro.psd
data/gui/guidefs.h
data/gui/hud-menu.ggm
data/gui/hud.ggm
data/gui/infoborder.ggm
data/gui/intro.ggm
data/gui/lcd.ggf
data/gui/loading.ggm
data/gui/loading_message.ggm
data/gui/logos-1.psd
data/gui/menus.ggf
data/gui/mountain_name.ggm
data/gui/outro.ggm
data/gui/player_name.ggm
data/gui/player_status.ggm
data/gui/playername.ggm
data/gui/preintro.ggm
data/gui/runinfo.psd
data/gui/runinfo_text.ggm
data/gui/runintro.ggm
data/gui/score.ggf
data/gui/score.ggm
data/gui/scoresheet.ggm
data/gui/scoresheet_text.ggm
data/gui/slick.ggf
data/gui/spinning_disk.ggm
data/gui/srcutout.ggm
data/gui/srlogo.psd
data/gui/srlogo_cut.psd
data/gui/srlogo_matte.psd
data/gui/sshot_logoflash.ggm
data/gui/static.psd
data/gui/swiss-xcbi.ggf
data/gui/time_lcd.ggm
data/gui/vcr.ggm
data/gui/vcr.psd
data/gui/vcr_buttons.ggm
data/gui/vcr_chrome.ggm
data/gui/vcr_ffwd.ggm
data/gui/vcr_labels.ggm
data/gui/vcr_load.ggm
data/gui/vcr_pause.ggm
data/gui/vcr_play.ggm
data/gui/vcr_restart.ggm
data/gui/vcr_rew.ggm
data/gui/vcr_save.ggm
data/gui/vcr_slow.ggm
data/gui/vcr_static.ggm
