soulride.exe
readme-jay_peak.txt
readme-de.txt
Recordings/jaydemo.srr
data/ogldrivers.txt
data/ding.wav
data/ding1.wav
data/ding2.wav
data/ding3.wav
data/ding4.wav
data/rewind.wav
data/snowdrag.wav
data/icedrag.wav
data/airdrag.wav
data/snowbump.wav
data/ching0.wav
data/deedoodeedoo.wav
data/doodooding.wav
data/clear.lua
data/cloudy.lua
data/preload.lua
data/snowing.lua
data/sunset.lua
data/whiteout.lua
data/arrow-cursor.psd
data/cross-cursor.psd
data/cursor.psd
data/mapcursor.psd
data/asphalt0.psd
data/asphalt1.psd
data/forest0.psd
data/forest1.psd
data/granular0.psd
data/granular1.psd
data/hardpack0.psd
data/hardpack1.psd
data/ice0.psd
data/ice1.psd
data/powder0.psd
data/powder1.psd
data/rock0.psd
data/rock1.psd
data/sand0.psd
data/sand1.psd
data/water0.psd
data/water1.psd
data/rider-arm.psd
data/rider-board-bottom.psd
data/rider-feet.psd
data/rider-board.psd
data/rider-head.psd
data/rider-legs.psd
data/skydome.psd
data/snowflake.psd
data/shadetable.psd
data/cloud0.psd
data/detail.psd
data/snowflake.psd
data/cursor.psd
data/rewind-icon.psd
data/mapcursor.psd
data/dropmarker.psd
data/skydome.psd
data/snowflake.psd
data/shadetable.psd
data/skydome.psd
data/snowflake.psd
data/skydome-sunset.psd
data/snowflake.psd
data/shadetable-sunset.psd
data/skydome-gray.psd
data/shadetable-gray.psd
data/snow-particle.psd
data/hemlock.psd
data/finishgate.srm
data/finishside.psd
data/figure/legll.srm
data/figure/leglr.srm
data/figure/legul.srm
data/figure/legur.srm
data/figure/torsol.srm
data/figure/torsou.srm
data/figure/armll.srm
data/figure/armlr.srm
data/figure/armul.srm
data/figure/armur.srm
data/figure/board-and-feet.srm
data/Jay_Peak/apple tree.psd
data/Jay_Peak/beyondbeaver.psd
data/Jay_Peak/beyondbeaver.srm
data/Jay_Peak/blue.psd
data/Jay_Peak/bluegate.srm
data/Jay_Peak/cayonland.srm
data/Jay_Peak/canyonland.psd
data/Jay_Peak/gray.psd
data/Jay_Peak/jay_finish.psd
data/Jay_Peak/Jay_Peak.srt
data/Jay_Peak/preload.lua
data/Jay_Peak/postload.lua
data/Jay_Peak/lift.srm
data/Jay_Peak/liftwin.psd
data/Jay_Peak/lift.psd
data/Jay_Peak/new lift building.srm
data/Jay_Peak/poma blue.psd
data/Jay_Peak/red.psd
data/Jay_Peak/redcross.psd
data/Jay_Peak/redgate.srm
data/Jay_Peak/roof.psd
data/Jay_Peak/rider-board.psd
data/Jay_Peak/rider-jacket columbia.psd
data/Jay_Peak/rider-jacket.psd
data/Jay_Peak/salomon-board.psd
data/Jay_Peak/salomon-bottom.psd
data/Jay_Peak/wood.psd
data/Jay_Peak/angelswig.psd
data/Jay_Peak/angelswig.srm
data/Jay_Peak/bldplain.psd
data/Jay_Peak/bldplain.srm
data/Jay_Peak/columbia finish.psd
data/Jay_Peak/columbia finish.srm
data/Jay_Peak/columbia sign.psd
data/Jay_Peak/columbia sign.srm
data/Jay_Peak/convert sign orig.psd
data/Jay_Peak/convert sign.psd
data/Jay_Peak/convert sign.srm
data/Jay_Peak/everglade.psd
data/Jay_Peak/everglade.srm
data/Jay_Peak/fence.srm
data/Jay_Peak/finish.psd
data/Jay_Peak/jay_base.srm
data/Jay_Peak/jay_ldg_win.psd
data/Jay_Peak/jay_siding.psd
data/Jay_Peak/jay_top.srm
data/Jay_Peak/jay_wall.psd
data/Jay_Peak/jay_wall2.psd
data/Jay_Peak/jay_wall3.psd
data/Jay_Peak/jay_win.psd
data/Jay_Peak/jay_window.psd
data/Jay_Peak/jaydeck.srm
data/Jay_Peak/jaylogo.psd
data/Jay_Peak/lifthouse.srm
data/Jay_Peak/maple.psd
data/Jay_Peak/maple2.psd
data/Jay_Peak/maple3.psd
data/Jay_Peak/metal.psd
data/Jay_Peak/montrealer.psd
data/Jay_Peak/montrealer.srm
data/Jay_Peak/mtdew finish.psd
data/Jay_Peak/mtdew finish.srm
data/Jay_Peak/mtdew.psd
data/Jay_Peak/mtdew.srm
data/Jay_Peak/paradise.psd
data/Jay_Peak/paradise.srm
data/Jay_Peak/salomon finish.psd
data/Jay_Peak/salomon finish.srm
data/Jay_Peak/salomon sign.psd
data/Jay_Peak/salomon sign.srm
data/Jay_Peak/shingles.psd
data/Jay_Peak/sign-right.srm
data/Jay_Peak/sign-right.psd
data/Jay_Peak/stateside.srm
data/Jay_Peak/stone.psd
data/Jay_Peak/timbuktu.psd
data/Jay_Peak/timbuktu.srm
data/Jay_Peak/vermonter.psd
data/Jay_Peak/vermonter.srm
data/Jay_Peak/vertigo.psd
data/Jay_Peak/vertigo.srm
data/gui/attract.psd
data/gui/attract-jay.ggm
data/gui/jaylogo_matte.psd
data/gui/jaylogo_cut.psd
data/gui/attract_type.psd
data/gui/bonus-desc.ggm
data/gui/bonus-num.ggm
data/gui/bonus.ggm
data/gui/jaycutout.ggm
data/gui/credits-intro-layout.ggm
data/gui/credits-intro.ggm
data/gui/credits-music.ggm
data/gui/credits-people-layout.ggm
data/gui/credits-people.ggm
data/gui/credits-team.ggm
data/gui/credits.ggm
data/gui/fixedsys.ggf
data/gui/font-lcd.psd
data/gui/font-score.psd
data/gui/font-slick.psd
data/gui/font-swiss-xcbi.psd
data/gui/gui_intro.psd
data/gui/guidefs.h
data/gui/hud-menu.ggm
data/gui/hud.ggm
data/gui/infoborder.ggm
data/gui/intro.ggm
data/gui/lcd.ggf
data/gui/loading.ggm
data/gui/loading_message.ggm
data/gui/logos-1.psd
data/gui/menus.ggf
data/gui/mountain_name.ggm
data/gui/outro.ggm
data/gui/player_name.ggm
data/gui/player_status.ggm
data/gui/playername.ggm
data/gui/preintro.ggm
data/gui/runinfo.psd
data/gui/runinfo_text.ggm
data/gui/runintro.ggm
data/gui/score.ggf
data/gui/score.ggm
data/gui/scoresheet.ggm
data/gui/scoresheet_text.ggm
data/gui/slick.ggf
data/gui/spinning_disk.ggm
data/gui/srcutout.ggm
data/gui/srlogo.psd
data/gui/srlogo_cut.psd
data/gui/srlogo_matte.psd
data/gui/sshot_logoflash.ggm
data/gui/static.psd
data/gui/swiss-xcbi.ggf
data/gui/time_lcd.ggm
data/gui/vcr.ggm
data/gui/vcr.psd
data/gui/vcr_buttons.ggm
data/gui/vcr_chrome.ggm
data/gui/vcr_ffwd.ggm
data/gui/vcr_labels.ggm
data/gui/vcr_load.ggm
data/gui/vcr_pause.ggm
data/gui/vcr_play.ggm
data/gui/vcr_restart.ggm
data/gui/vcr_rew.ggm
data/gui/vcr_save.ggm
data/gui/vcr_slow.ggm
data/gui/vcr_static.ggm
