soulride.exe
cdaindex.txt
readme.txt
readme-de.txt
srmanual-de.pdf
czytajto.txt
Instrukcja/instrukcja.html
Instrukcja/style.css
Instrukcja/images/bg.gif
Instrukcja/images/instrukcja_01.gif
Instrukcja/images/instrukcja_02.gif
Instrukcja/images/instrukcja_03.jpg
Instrukcja/images/top.gif
Recordings/breckdemo1290.srr
Recordings/Thatch-7830.srr
Recordings/Thatcher-1080.srr
data/ogldrivers.txt
data/ding.wav
data/ding0.wav
data/ding1.wav
data/ding2.wav
data/ding3.wav
data/ding4.wav
data/rewind.wav
data/snowdrag.wav
data/icedrag.wav
data/airdrag.wav
data/snowbump.wav
data/ching0.wav
data/deedoodeedoo.wav
data/doodooding.wav
data/clear.lua
data/cloudy.lua
data/preload.lua
data/snowing.lua
data/sunset.lua
data/whiteout.lua
data/arrow-cursor.psd
data/asphalt0.psd
data/asphalt1.psd
data/bldplain.psd
data/bldplain.srm
data/boarder.srm
data/cloud0.psd
data/cross-cursor.psd
data/cursor.psd
data/detail.psd
data/dropmarker.psd
data/finish.psd
data/finish_flag.psd
data/finishgate.srm
data/finishside.psd
data/forest0.psd
data/forest1.psd
data/granular0.psd
data/granular1.psd
data/hardpack0.psd
data/hardpack1.psd
data/hemlock-sunset.psd
data/hemlock.psd
data/ice0.psd
data/ice1.psd
data/mapcursor.psd
data/powder0.psd
data/powder1.psd
data/rewind-icon.psd
data/rider-board-bottom.psd
data/rider-board.psd
data/rider-feet.psd
data/rider-head.psd
data/rider-jacket.psd
data/rider-legs.psd
data/rider-torso.psd
data/rock0.psd
data/rock1.psd
data/sand0.psd
data/sand1.psd
data/shadetable-gray.psd
data/shadetable-sunset.psd
data/shadetable.psd
data/skydome-gray.psd
data/skydome-sunset.psd
data/skydome.psd
data/snow-particle.psd
data/snowflake.psd
data/water0.psd
data/water1.psd
data/figure/legll.srm
data/figure/leglr.srm
data/figure/legul.srm
data/figure/legur.srm
data/figure/torsol.srm
data/figure/torsou.srm
data/figure/armll.srm
data/figure/armlr.srm
data/figure/armul.srm
data/figure/armur.srm
data/figure/board-and-feet.srm
data/Breckenridge/rider-head.psd
data/Breckenridge/rider-jacket.psd
data/Breckenridge/rider-arm.psd
data/Breckenridge/Breckenridge.srt
data/Breckenridge/preload.lua
data/Breckenridge/postload.lua
data/Breckenridge/evergreen.psd
data/Breckenridge/finishgate.srm
data/Breckenridge/finish.psd
data/Breckenridge/finishside.psd
data/Breckenridge/new lift building.srm
data/Breckenridge/poma blue.psd
data/Breckenridge/lift.psd
data/Breckenridge/roof.psd
data/Breckenridge/liftwin.psd
data/Breckenridge/lift.srm
data/Breckenridge/hemlock.psd
data/Breckenridge/bldapt.srm
data/Breckenridge/bldapt.psd
data/Breckenridge/gray.psd
data/Breckenridge/bldplain.srm
data/Breckenridge/bldplain.psd
data/Breckenridge/redcross.psd
data/Breckenridge/sign-right.srm
data/Breckenridge/sign-right.psd
data/Breckenridge/bluegate.srm
data/Breckenridge/blue.psd
data/Breckenridge/redgate.srm
data/Breckenridge/red.psd
data/Breckenridge/freeway 2d.psd
data/Breckenridge/burn.srm
data/Breckenridge/burn.psd
data/Breckenridge/wood.psd
data/Breckenridge/freeway.srm
data/Breckenridge/freeway.psd
data/Breckenridge/spruce.srm
data/Breckenridge/spruce.psd
data/Breckenridge/cimarron.srm
data/Breckenridge/cimarron.psd
data/Breckenridge/inferno.srm
data/Breckenridge/inferno.psd
data/Breckenridge/whalestail.srm
data/Breckenridge/whalestail.psd
data/Breckenridge/horseshoe.srm
data/Breckenridge/horseshoe.psd
data/Breckenridge/billboard.srm
data/Breckenridge/billboard.psd
data/Breckenridge/smallbldg.srm
data/Breckenridge/tallbldg.srm
data/Breckenridge/contest.srm
data/Breckenridge/contest.psd
data/gui/attract.ggm
data/gui/attract.psd
data/gui/attract-breck.ggm
data/gui/attract_type.psd
data/gui/bonus-desc.ggm
data/gui/bonus-num.ggm
data/gui/bonus.ggm
data/gui/breck_logo.psd
data/gui/breckcutout.ggm
data/gui/brecklogo_cut.psd
data/gui/brecklogo_matte.psd
data/gui/credits-intro-layout.ggm
data/gui/credits-intro.ggm
data/gui/credits-music.ggm
data/gui/credits-people-layout.ggm
data/gui/credits-people.ggm
data/gui/credits-team.ggm
data/gui/credits.ggm
data/gui/fixedsys.ggf
data/gui/font-lcd.psd
data/gui/font-score.psd
data/gui/font-slick.psd
data/gui/font-swiss-xcbi.psd
data/gui/gui_intro.psd
data/gui/guidefs.h
data/gui/hud-menu.ggm
data/gui/hud.ggm
data/gui/infoborder.ggm
data/gui/intro.ggm
data/gui/lcd.ggf
data/gui/loading.ggm
data/gui/loading_message.ggm
data/gui/logos-1.psd
data/gui/menus.ggf
data/gui/mountain_name.ggm
data/gui/outro.ggm
data/gui/player_name.ggm
data/gui/player_status.ggm
data/gui/playername.ggm
data/gui/preintro.ggm
data/gui/runinfo.psd
data/gui/runinfo_text.ggm
data/gui/runintro.ggm
data/gui/score.ggf
data/gui/score.ggm
data/gui/scoresheet.ggm
data/gui/scoresheet_text.ggm
data/gui/slick.ggf
data/gui/spinning_disk.ggm
data/gui/srcutout.ggm
data/gui/srlogo.psd
data/gui/srlogo_cut.psd
data/gui/srlogo_matte.psd
data/gui/sshot_logoflash.ggm
data/gui/static.psd
data/gui/swiss-xcbi.ggf
data/gui/time_lcd.ggm
data/gui/vcr.ggm
data/gui/vcr.psd
data/gui/vcr_buttons.ggm
data/gui/vcr_chrome.ggm
data/gui/vcr_ffwd.ggm
data/gui/vcr_labels.ggm
data/gui/vcr_load.ggm
data/gui/vcr_pause.ggm
data/gui/vcr_play.ggm
data/gui/vcr_restart.ggm
data/gui/vcr_rew.ggm
data/gui/vcr_save.ggm
data/gui/vcr_slow.ggm
data/gui/vcr_static.ggm
data/Mammoth/preload.lua
data/Mammoth/asphalt.psd
data/Mammoth/asphalt0.psd
data/Mammoth/asphalt1.psd
data/Mammoth/cloud0.psd
data/Mammoth/cursor.psd
data/Mammoth/darkforest.psd
data/Mammoth/darkforest0.psd
data/Mammoth/darkforest1.psd
data/Mammoth/detail.psd
data/Mammoth/dropmarker.psd
data/Mammoth/forest.psd
data/Mammoth/forest0.psd
data/Mammoth/forest1.psd
data/Mammoth/granular.psd
data/Mammoth/granular0.psd
data/Mammoth/granular1.psd
data/Mammoth/hardpack.psd
data/Mammoth/hardpack0.psd
data/Mammoth/hardpack1.psd
data/Mammoth/hemlock.psd
data/Mammoth/ice.psd
data/Mammoth/ice0.psd
data/Mammoth/ice1.psd
data/Mammoth/Mammoth.dat
data/Mammoth/Mammoth.srt
data/Mammoth/mapcursor.psd
data/Mammoth/PerfTestPath.dat
data/Mammoth/powder.psd
data/Mammoth/powder0.psd
data/Mammoth/powder1.psd
data/Mammoth/rock.psd
data/Mammoth/rock0.psd
data/Mammoth/rock1.psd
data/Mammoth/roof.psd
data/Mammoth/sand.psd
data/Mammoth/sand0.psd
data/Mammoth/sand1.psd
data/Mammoth/shadetable-gray.psd
data/Mammoth/shadetable.psd
data/Mammoth/shadetable0.psd
data/Mammoth/skydome-gray.psd
data/Mammoth/skydome.psd
data/Mammoth/slingshot-logo.psd
data/Mammoth/snow-particle.psd
data/Mammoth/snow-particle0.psd
data/Mammoth/snowflake.psd
data/Mammoth/snowflake0.psd
data/Mammoth/water.psd
data/Mammoth/water0.psd
data/Mammoth/water1.psd
data/Tuckerman_Ravine/Tuckerman_Ravine.srt
data/Tuckerman_Ravine/preload.lua
Recordings/jaydemo.srr
data/rider-arm.psd
data/rider-head.psd
data/hemlock.psd
data/finishgate.srm
data/finishside.psd
data/Jay_Peak/apple tree.psd
data/Jay_Peak/beyondbeaver.psd
data/Jay_Peak/beyondbeaver.srm
data/Jay_Peak/blue.psd
data/Jay_Peak/bluegate.srm
data/Jay_Peak/cayonland.srm
data/Jay_Peak/canyonland.psd
data/Jay_Peak/gray.psd
data/Jay_Peak/jay_finish.psd
data/Jay_Peak/Jay_Peak.srt
data/Jay_Peak/preload.lua
data/Jay_Peak/postload.lua
data/Jay_Peak/lift.srm
data/Jay_Peak/liftwin.psd
data/Jay_Peak/lift.psd
data/Jay_Peak/new lift building.srm
data/Jay_Peak/poma blue.psd
data/Jay_Peak/red.psd
data/Jay_Peak/redcross.psd
data/Jay_Peak/redgate.srm
data/Jay_Peak/roof.psd
data/Jay_Peak/rider-board.psd
data/Jay_Peak/rider-jacket columbia.psd
data/Jay_Peak/rider-jacket.psd
data/Jay_Peak/salomon-board.psd
data/Jay_Peak/salomon-bottom.psd
data/Jay_Peak/wood.psd
data/Jay_Peak/angelswig.psd
data/Jay_Peak/angelswig.srm
data/Jay_Peak/bldplain.psd
data/Jay_Peak/bldplain.srm
data/Jay_Peak/columbia finish.psd
data/Jay_Peak/columbia finish.srm
data/Jay_Peak/columbia sign.psd
data/Jay_Peak/columbia sign.srm
data/Jay_Peak/convert sign orig.psd
data/Jay_Peak/convert sign.psd
data/Jay_Peak/convert sign.srm
data/Jay_Peak/everglade.psd
data/Jay_Peak/everglade.srm
data/Jay_Peak/fence.srm
data/Jay_Peak/finish.psd
data/Jay_Peak/jay_base.srm
data/Jay_Peak/jay_ldg_win.psd
data/Jay_Peak/jay_siding.psd
data/Jay_Peak/jay_top.srm
data/Jay_Peak/jay_wall.psd
data/Jay_Peak/jay_wall2.psd
data/Jay_Peak/jay_wall3.psd
data/Jay_Peak/jay_win.psd
data/Jay_Peak/jay_window.psd
data/Jay_Peak/jaydeck.srm
data/Jay_Peak/jaylogo.psd
data/Jay_Peak/lifthouse.srm
data/Jay_Peak/maple.psd
data/Jay_Peak/maple2.psd
data/Jay_Peak/maple3.psd
data/Jay_Peak/metal.psd
data/Jay_Peak/montrealer.psd
data/Jay_Peak/montrealer.srm
data/Jay_Peak/mtdew finish.psd
data/Jay_Peak/mtdew finish.srm
data/Jay_Peak/mtdew.psd
data/Jay_Peak/mtdew.srm
data/Jay_Peak/paradise.psd
data/Jay_Peak/paradise.srm
data/Jay_Peak/salomon finish.psd
data/Jay_Peak/salomon finish.srm
data/Jay_Peak/salomon sign.psd
data/Jay_Peak/salomon sign.srm
data/Jay_Peak/shingles.psd
data/Jay_Peak/sign-right.srm
data/Jay_Peak/sign-right.psd
data/Jay_Peak/stateside.srm
data/Jay_Peak/stone.psd
data/Jay_Peak/timbuktu.psd
data/Jay_Peak/timbuktu.srm
data/Jay_Peak/vermonter.psd
data/Jay_Peak/vermonter.srm
data/Jay_Peak/vertigo.psd
data/Jay_Peak/vertigo.srm
data/gui/attract-jay.ggm
data/gui/jaylogo_matte.psd
data/gui/jaylogo_cut.psd
data/gui/jaycutout.ggm
Recordings/polarbeardemo.srr
Recordings/pipedemo.srr
data/Stratton/rider-jacket.psd
data/Stratton/Stratton.srt
data/Stratton/preload.lua
data/Stratton/finishgate.srm
data/Stratton/finish.psd
data/Stratton/finishside.psd
data/Stratton/new lift building.srm
data/Stratton/poma blue.psd
data/Stratton/lift.psd
data/Stratton/roof.psd
data/Stratton/liftwin.psd
data/Stratton/lift.srm
data/Stratton/bldplain.srm
data/Stratton/bldplain.psd
data/Stratton/bldapt.srm
data/Stratton/bldapt.psd
data/Stratton/gray.psd
data/Stratton/redcross.psd
data/Stratton/redgate.srm
data/Stratton/red.psd
data/Stratton/bluegate.srm
data/Stratton/blue.psd
data/Stratton/hemlock.psd
data/Stratton/upperstand.srm
data/Stratton/upperstandard.psd
data/Stratton/wood.psd
data/Stratton/supertrail.srm
data/Stratton/supertrail.psd
data/Stratton/moondance.srm
data/Stratton/moondance.psd
data/Stratton/stratton tower.srm
data/Stratton/towerroof.psd
data/Stratton/towerhang.psd
data/Stratton/towerside.psd
data/Stratton/towerclock.psd
data/Stratton/stratton lodge.srm
data/Stratton/sand.psd
data/Stratton/banner.psd
data/Stratton/stratton sm ldg.srm
data/Stratton/stratton shed.srm
data/Stratton/shed_wood.psd
data/Stratton/shed_window.psd
data/Stratton/sign-right.srm
data/Stratton/sign-right.psd
data/Stratton/polarbear.srm
data/Stratton/polarbear.psd
data/Stratton/snowcross gate.srm
data/Stratton/stratton red.psd
data/Stratton/lamp_post.srm
data/Stratton/metal2.psd
data/Stratton/diner.srm
data/Stratton/diner_siding.psd
data/Stratton/diner_window.psd
data/Stratton/brownrock.psd
data/Stratton/hibrn8.psd
data/Stratton/octogon.srm
data/Stratton/octogon_door.psd
data/Stratton/maple.psd
data/Stratton/maple2.psd
data/Stratton/maple3.psd
data/Stratton/sunbowl lodge.srm
data/Stratton/shingles.psd
data/Stratton/stone.psd
data/Stratton/strat_win.psd
data/Stratton/sunbowl.psd
data/gui/attract-stratton.ggm
data/gui/strattoncutout.ggm
data/gui/strattonlogo_cut.psd
data/gui/strattonlogo_matte.psd
