soulride.exe
readme-stratton.txt
readme-de.txt
Recordings/polarbeardemo.srr
Recordings/pipedemo.srr
data/ogldrivers.txt
data/ding.wav
data/ding1.wav
data/ding2.wav
data/ding3.wav
data/ding4.wav
data/rewind.wav
data/snowdrag.wav
data/icedrag.wav
data/airdrag.wav
data/snowbump.wav
data/ching0.wav
data/deedoodeedoo.wav
data/doodooding.wav
data/clear.lua
data/cloudy.lua
data/preload.lua
data/snowing.lua
data/sunset.lua
data/whiteout.lua
data/arrow-cursor.psd
data/cross-cursor.psd
data/cursor.psd
data/mapcursor.psd
data/asphalt0.psd
data/asphalt1.psd
data/forest0.psd
data/forest1.psd
data/granular0.psd
data/granular1.psd
data/hardpack0.psd
data/hardpack1.psd
data/ice0.psd
data/ice1.psd
data/powder0.psd
data/powder1.psd
data/rock0.psd
data/rock1.psd
data/sand0.psd
data/sand1.psd
data/water0.psd
data/water1.psd
data/rider-board-bottom.psd
data/rider-feet.psd
data/rider-board.psd
data/rider-legs.psd
data/skydome.psd
data/snowflake.psd
data/shadetable.psd
data/cloud0.psd
data/detail.psd
data/snowflake.psd
data/cursor.psd
data/rewind-icon.psd
data/mapcursor.psd
data/dropmarker.psd
data/skydome.psd
data/snowflake.psd
data/shadetable.psd
data/skydome.psd
data/snowflake.psd
data/shadetable.psd
data/skydome-sunset.psd
data/snowflake.psd
data/shadetable-sunset.psd
data/skydome-gray.psd
data/snowflake.psd
data/shadetable-gray.psd
data/skydome-gray.psd
data/snowflake.psd
data/shadetable-gray.psd
data/skydome.psd
data/snowflake.psd
data/snow-particle.psd
data/shadetable.psd
data/skydome.psd
data/snowflake.psd
data/shadetable.psd
data/skydome.psd
data/snowflake.psd
data/shadetable.psd
data/skydome.psd
data/snowflake.psd
data/shadetable.psd
data/figure/legll.srm
data/figure/leglr.srm
data/figure/legul.srm
data/figure/legur.srm
data/figure/torsol.srm
data/figure/torsou.srm
data/figure/armll.srm
data/figure/armlr.srm
data/figure/armul.srm
data/figure/armur.srm
data/figure/board-and-feet.srm
data/rider-head.psd
data/rider-arm.psd
data/Stratton/rider-jacket.psd
data/Stratton/Stratton.srt
data/Stratton/preload.lua
data/Stratton/finishgate.srm
data/Stratton/finish.psd
data/Stratton/finishside.psd
data/Stratton/new lift building.srm
data/Stratton/poma blue.psd
data/Stratton/lift.psd
data/Stratton/roof.psd
data/Stratton/liftwin.psd
data/Stratton/lift.srm
data/Stratton/bldplain.srm
data/Stratton/bldplain.psd
data/Stratton/bldapt.srm
data/Stratton/bldapt.psd
data/Stratton/gray.psd
data/Stratton/redcross.psd
data/Stratton/redgate.srm
data/Stratton/red.psd
data/Stratton/bluegate.srm
data/Stratton/blue.psd
data/Stratton/hemlock.psd
data/Stratton/upperstand.srm
data/Stratton/upperstandard.psd
data/Stratton/wood.psd
data/Stratton/supertrail.srm
data/Stratton/supertrail.psd
data/Stratton/moondance.srm
data/Stratton/moondance.psd
data/Stratton/stratton tower.srm
data/Stratton/towerroof.psd
data/Stratton/towerhang.psd
data/Stratton/towerside.psd
data/Stratton/towerclock.psd
data/Stratton/stratton lodge.srm
data/Stratton/sand.psd
data/Stratton/banner.psd
data/Stratton/stratton sm ldg.srm
data/Stratton/stratton shed.srm
data/Stratton/shed_wood.psd
data/Stratton/shed_window.psd
data/Stratton/sign-right.srm
data/Stratton/sign-right.psd
data/Stratton/polarbear.srm
data/Stratton/polarbear.psd
data/Stratton/snowcross gate.srm
data/Stratton/stratton red.psd
data/Stratton/lamp_post.srm
data/Stratton/metal2.psd
data/Stratton/diner.srm
data/Stratton/diner_siding.psd
data/Stratton/diner_window.psd
data/Stratton/brownrock.psd
data/Stratton/hibrn8.psd
data/Stratton/octogon.srm
data/Stratton/octogon_door.psd
data/Stratton/maple.psd
data/Stratton/maple2.psd
data/Stratton/maple3.psd
data/Stratton/sunbowl lodge.srm
data/Stratton/shingles.psd
data/Stratton/stone.psd
data/Stratton/strat_win.psd
data/Stratton/sunbowl.psd
data/gui/attract.psd
data/gui/attract-stratton.ggm
data/gui/attract_type.psd
data/gui/bonus-desc.ggm
data/gui/bonus-num.ggm
data/gui/bonus.ggm
data/gui/strattoncutout.ggm
data/gui/strattonlogo_cut.psd
data/gui/strattonlogo_matte.psd
data/gui/credits-intro-layout.ggm
data/gui/credits-intro.ggm
data/gui/credits-music.ggm
data/gui/credits-people-layout.ggm
data/gui/credits-people.ggm
data/gui/credits-team.ggm
data/gui/credits.ggm
data/gui/fixedsys.ggf
data/gui/font-lcd.psd
data/gui/font-score.psd
data/gui/font-slick.psd
data/gui/font-swiss-xcbi.psd
data/gui/gui_intro.psd
data/gui/guidefs.h
data/gui/hud-menu.ggm
data/gui/hud.ggm
data/gui/infoborder.ggm
data/gui/intro.ggm
data/gui/lcd.ggf
data/gui/loading.ggm
data/gui/loading_message.ggm
data/gui/logos-1.psd
data/gui/menus.ggf
data/gui/mountain_name.ggm
data/gui/outro.ggm
data/gui/player_name.ggm
data/gui/player_status.ggm
data/gui/playername.ggm
data/gui/preintro.ggm
data/gui/runinfo.psd
data/gui/runinfo_text.ggm
data/gui/runintro.ggm
data/gui/score.ggf
data/gui/score.ggm
data/gui/scoresheet.ggm
data/gui/scoresheet_text.ggm
data/gui/slick.ggf
data/gui/spinning_disk.ggm
data/gui/srcutout.ggm
data/gui/srlogo.psd
data/gui/srlogo_cut.psd
data/gui/srlogo_matte.psd
data/gui/sshot_logoflash.ggm
data/gui/static.psd
data/gui/swiss-xcbi.ggf
data/gui/time_lcd.ggm
data/gui/vcr.ggm
data/gui/vcr.psd
data/gui/vcr_buttons.ggm
data/gui/vcr_chrome.ggm
data/gui/vcr_ffwd.ggm
data/gui/vcr_labels.ggm
data/gui/vcr_load.ggm
data/gui/vcr_pause.ggm
data/gui/vcr_play.ggm
data/gui/vcr_restart.ggm
data/gui/vcr_rew.ggm
data/gui/vcr_save.ggm
data/gui/vcr_slow.ggm
data/gui/vcr_static.ggm
